  Determining projects to restore...
  All projects are up-to-date for restore.
  Game Library Management_DAL -> E:\Visuale Studio\Api\Game Library Management\GLM.DAL\bin\Debug\net8.0\Game Library Management_DAL.dll
  Game Library Management_BL -> E:\Visuale Studio\Api\Game Library Management\GLM.BL\bin\Debug\net8.0\Game Library Management_BL.dll
E:\Visuale Studio\Api\Game Library Management\Game Library Management\Controllers\GamesController.cs(50,64): error CS0246: The type or namespace name 'GameCreateDto' could not be found (are you missing a using directive or an assembly reference?) [E:\Visuale Studio\Api\Game Library Management\Game Library Management\Game Library Management_PL.csproj]
E:\Visuale Studio\Api\Game Library Management\Game Library Management\Controllers\GamesController.cs(62,72): error CS0246: The type or namespace name 'GameUpdateDto' could not be found (are you missing a using directive or an assembly reference?) [E:\Visuale Studio\Api\Game Library Management\Game Library Management\Game Library Management_PL.csproj]
E:\Visuale Studio\Api\Game Library Management\Game Library Management\Controllers\GamesController.cs(77,87): error CS0246: The type or namespace name 'GameUpdateDto' could not be found (are you missing a using directive or an assembly reference?) [E:\Visuale Studio\Api\Game Library Management\Game Library Management\Game Library Management_PL.csproj]
E:\Visuale Studio\Api\Game Library Management\Game Library Management\Controllers\GamesController.cs(77,40): error CS0246: The type or namespace name 'GameResponseDto' could not be found (are you missing a using directive or an assembly reference?) [E:\Visuale Studio\Api\Game Library Management\Game Library Management\Game Library Management_PL.csproj]

Build FAILED.

E:\Visuale Studio\Api\Game Library Management\Game Library Management\Controllers\GamesController.cs(50,64): error CS0246: The type or namespace name 'GameCreateDto' could not be found (are you missing a using directive or an assembly reference?) [E:\Visuale Studio\Api\Game Library Management\Game Library Management\Game Library Management_PL.csproj]
E:\Visuale Studio\Api\Game Library Management\Game Library Management\Controllers\GamesController.cs(62,72): error CS0246: The type or namespace name 'GameUpdateDto' could not be found (are you missing a using directive or an assembly reference?) [E:\Visuale Studio\Api\Game Library Management\Game Library Management\Game Library Management_PL.csproj]
E:\Visuale Studio\Api\Game Library Management\Game Library Management\Controllers\GamesController.cs(77,87): error CS0246: The type or namespace name 'GameUpdateDto' could not be found (are you missing a using directive or an assembly reference?) [E:\Visuale Studio\Api\Game Library Management\Game Library Management\Game Library Management_PL.csproj]
E:\Visuale Studio\Api\Game Library Management\Game Library Management\Controllers\GamesController.cs(77,40): error CS0246: The type or namespace name 'GameResponseDto' could not be found (are you missing a using directive or an assembly reference?) [E:\Visuale Studio\Api\Game Library Management\Game Library Management\Game Library Management_PL.csproj]
    0 Warning(s)
    4 Error(s)

Time Elapsed 00:00:06.27
